---
source: crates/ezc/tests/snapshot.rs
assertion_line: 35
expression: report
input_file: tests/ezc/errors/type_mismatch.ezc
---
Error: `+` got list and int — needs two numbers
   ╭─[ type_mismatch.ezc:1:11 ]
   │
 1 │ [1 2 3] 4 +
   │ ───┬─── ┬ ┬  
   │    │    ╰──── this is int
   │    │      │  
   │    ╰───────── this is list
   │           │  
   │           ╰── `+` got list and int — needs two numbers
───╯
